// Jest Snapshot v1, https://goo.gl/fbAQLP

exports[`aligns the child view at bottom-center 1`] = `
"                                                                                
                                                                                
                                                                                
                                                                                
                                                                                
                                                                                
                                                                                
                                                                                
                                                                                
                                                                                
                                                                                
                                                                                
                                                                                
                                                                                
                                                                                
                                                                                
                                                                                
                                                                                
                                                                                
                                                                                
                                                                                
                              ┌┤ Hello, world! ├─┐                              
                              │                  │                              
                              └──────────────────┘                              
"
`;

exports[`aligns the child view at bottom-center via composition 1`] = `
"                                                                                
                                                                                
                                                                                
                                                                                
                                                                                
                                                                                
                                                                                
                                                                                
                                                                                
                                                                                
                                                                                
                                                                                
                                                                                
                                                                                
                                                                                
                                                                                
                                                                                
                                                                                
                                                                                
                                                                                
                                                                                
                              ┌┤ Hello, world! ├─┐                              
                              │                  │                              
                              └──────────────────┘                              
"
`;

exports[`aligns the child view at bottom-left 1`] = `
"                                                                                
                                                                                
                                                                                
                                                                                
                                                                                
                                                                                
                                                                                
                                                                                
                                                                                
                                                                                
                                                                                
                                                                                
                                                                                
                                                                                
                                                                                
                                                                                
                                                                                
                                                                                
                                                                                
                                                                                
                                                                                
┌┤ Hello, world! ├─┐                                                            
│                  │                                                            
└──────────────────┘                                                            
"
`;

exports[`aligns the child view at bottom-left via composition 1`] = `
"                                                                                
                                                                                
                                                                                
                                                                                
                                                                                
                                                                                
                                                                                
                                                                                
                                                                                
                                                                                
                                                                                
                                                                                
                                                                                
                                                                                
                                                                                
                                                                                
                                                                                
                                                                                
                                                                                
                                                                                
                                                                                
┌┤ Hello, world! ├─┐                                                            
│                  │                                                            
└──────────────────┘                                                            
"
`;

exports[`aligns the child view at bottom-right 1`] = `
"                                                                                
                                                                                
                                                                                
                                                                                
                                                                                
                                                                                
                                                                                
                                                                                
                                                                                
                                                                                
                                                                                
                                                                                
                                                                                
                                                                                
                                                                                
                                                                                
                                                                                
                                                                                
                                                                                
                                                                                
                                                                                
                                                            ┌┤ Hello, world! ├─┐
                                                            │                  │
                                                            └──────────────────┘
"
`;

exports[`aligns the child view at bottom-right via composition 1`] = `
"                                                                                
                                                                                
                                                                                
                                                                                
                                                                                
                                                                                
                                                                                
                                                                                
                                                                                
                                                                                
                                                                                
                                                                                
                                                                                
                                                                                
                                                                                
                                                                                
                                                                                
                                                                                
                                                                                
                                                                                
                                                                                
                                                            ┌┤ Hello, world! ├─┐
                                                            │                  │
                                                            └──────────────────┘
"
`;

exports[`aligns the child view at center 1`] = `
"                                                                                
                                                                                
                                                                                
                                                                                
                                                                                
                                                                                
                                                                                
                                                                                
                                                                                
                                                                                
                              ┌┤ Hello, world! ├─┐                              
                              │                  │                              
                              └──────────────────┘                              
                                                                                
                                                                                
                                                                                
                                                                                
                                                                                
                                                                                
                                                                                
                                                                                
                                                                                
                                                                                
                                                                                
"
`;

exports[`aligns the child view at center via composition 1`] = `
"                                                                                
                                                                                
                                                                                
                                                                                
                                                                                
                                                                                
                                                                                
                                                                                
                                                                                
                                                                                
                              ┌┤ Hello, world! ├─┐                              
                              │                  │                              
                              └──────────────────┘                              
                                                                                
                                                                                
                                                                                
                                                                                
                                                                                
                                                                                
                                                                                
                                                                                
                                                                                
                                                                                
                                                                                
"
`;

exports[`aligns the child view at center-left 1`] = `
"                                                                                
                                                                                
                                                                                
                                                                                
                                                                                
                                                                                
                                                                                
                                                                                
                                                                                
                                                                                
┌┤ Hello, world! ├─┐                                                            
│                  │                                                            
└──────────────────┘                                                            
                                                                                
                                                                                
                                                                                
                                                                                
                                                                                
                                                                                
                                                                                
                                                                                
                                                                                
                                                                                
                                                                                
"
`;

exports[`aligns the child view at center-left via composition 1`] = `
"                                                                                
                                                                                
                                                                                
                                                                                
                                                                                
                                                                                
                                                                                
                                                                                
                                                                                
                                                                                
┌┤ Hello, world! ├─┐                                                            
│                  │                                                            
└──────────────────┘                                                            
                                                                                
                                                                                
                                                                                
                                                                                
                                                                                
                                                                                
                                                                                
                                                                                
                                                                                
                                                                                
                                                                                
"
`;

exports[`aligns the child view at center-right 1`] = `
"                                                                                
                                                                                
                                                                                
                                                                                
                                                                                
                                                                                
                                                                                
                                                                                
                                                                                
                                                                                
                                                            ┌┤ Hello, world! ├─┐
                                                            │                  │
                                                            └──────────────────┘
                                                                                
                                                                                
                                                                                
                                                                                
                                                                                
                                                                                
                                                                                
                                                                                
                                                                                
                                                                                
                                                                                
"
`;

exports[`aligns the child view at center-right via composition 1`] = `
"                                                                                
                                                                                
                                                                                
                                                                                
                                                                                
                                                                                
                                                                                
                                                                                
                                                                                
                                                                                
                                                            ┌┤ Hello, world! ├─┐
                                                            │                  │
                                                            └──────────────────┘
                                                                                
                                                                                
                                                                                
                                                                                
                                                                                
                                                                                
                                                                                
                                                                                
                                                                                
                                                                                
                                                                                
"
`;

exports[`aligns the child view at top-center 1`] = `
"                              ┌┤ Hello, world! ├─┐                              
                              │                  │                              
                              └──────────────────┘                              
                                                                                
                                                                                
                                                                                
                                                                                
                                                                                
                                                                                
                                                                                
                                                                                
                                                                                
                                                                                
                                                                                
                                                                                
                                                                                
                                                                                
                                                                                
                                                                                
                                                                                
                                                                                
                                                                                
                                                                                
                                                                                
"
`;

exports[`aligns the child view at top-center via composition 1`] = `
"                              ┌┤ Hello, world! ├─┐                              
                              │                  │                              
                              └──────────────────┘                              
                                                                                
                                                                                
                                                                                
                                                                                
                                                                                
                                                                                
                                                                                
                                                                                
                                                                                
                                                                                
                                                                                
                                                                                
                                                                                
                                                                                
                                                                                
                                                                                
                                                                                
                                                                                
                                                                                
                                                                                
                                                                                
"
`;

exports[`aligns the child view at top-left 1`] = `
"┌┤ Hello, world! ├─┐                                                            
│                  │                                                            
└──────────────────┘                                                            
                                                                                
                                                                                
                                                                                
                                                                                
                                                                                
                                                                                
                                                                                
                                                                                
                                                                                
                                                                                
                                                                                
                                                                                
                                                                                
                                                                                
                                                                                
                                                                                
                                                                                
                                                                                
                                                                                
                                                                                
                                                                                
"
`;

exports[`aligns the child view at top-left via composition 1`] = `
"┌┤ Hello, world! ├─┐                                                            
│                  │                                                            
└──────────────────┘                                                            
                                                                                
                                                                                
                                                                                
                                                                                
                                                                                
                                                                                
                                                                                
                                                                                
                                                                                
                                                                                
                                                                                
                                                                                
                                                                                
                                                                                
                                                                                
                                                                                
                                                                                
                                                                                
                                                                                
                                                                                
                                                                                
"
`;

exports[`aligns the child view at top-right 1`] = `
"                                                            ┌┤ Hello, world! ├─┐
                                                            │                  │
                                                            └──────────────────┘
                                                                                
                                                                                
                                                                                
                                                                                
                                                                                
                                                                                
                                                                                
                                                                                
                                                                                
                                                                                
                                                                                
                                                                                
                                                                                
                                                                                
                                                                                
                                                                                
                                                                                
                                                                                
                                                                                
                                                                                
                                                                                
"
`;

exports[`aligns the child view at top-right via composition 1`] = `
"                                                            ┌┤ Hello, world! ├─┐
                                                            │                  │
                                                            └──────────────────┘
                                                                                
                                                                                
                                                                                
                                                                                
                                                                                
                                                                                
                                                                                
                                                                                
                                                                                
                                                                                
                                                                                
                                                                                
                                                                                
                                                                                
                                                                                
                                                                                
                                                                                
                                                                                
                                                                                
                                                                                
                                                                                
"
`;
